// Jest Snapshot v1, https://goo.gl/fbAQLP

exports[`<PostTemplate /> renders a snapshot properly 1`] = `
Array [
  <div
    className="content"
  >
    <h1>
      a big name
    </h1>
    <p
      className="subtitle is-4"
    >
      Wed Nov 23 51110
    </p>
    <p
      className="content"
    >
      what do you want to eat for lunch
    </p>
  </div>,
  <br />,
]
`;
