// Jest Snapshot v1, https://goo.gl/fbAQLP

exports[`<PostTemplate /> renders a snapshot properly 1`] = `
Array [
  <div
    className="content"
  >
    <h1>
      <a
        href="/post/1"
        onClick={[Function]}
      >
        a big name
      </a>
    </h1>
    <p
      className="subtitle is-4"
    >
      Fri Mar 22 51107
    </p>
    <p
      className="content"
    >
      what do you want to eat for lunch
    </p>
  </div>,
  <br />,
]
`;
